<html>
<head>
  <script src="//ajax.googleapis.com/ajax/libs/jquery/2.1.4/jquery.min.js"></script>
<script src="//ajax.googleapis.com/ajax/libs/angularjs/1.4.7/angular.min.js"></script>
<script src="/vendor.js"></script>
  
<script src="/app.js"></script>
</head>
</html>
