<html>
<head>
  <link href="//maxcdn.bootstrapcdn.com/bootstrap/3.3.6/css/bootstrap.min.css" rel="stylesheet">
<link href="//example.com/some/other.css" rel="stylesheet">
<!-- build:css /vendor.css -->
  
  
  <link href="/local.css" rel="stylesheet">
  <!-- endbuild -->
  
<!-- build:css /app.css -->
  <link href="/local.css" rel="stylesheet">
  <!-- endbuild -->
  <script src="//ajax.googleapis.com/ajax/libs/jquery/2.1.4/jquery.min.js"></script>
<!-- build:js /vendor.js -->
  
  <script src="local.js"></script>
  <!-- endbuild -->
  
<!-- build:js /app.js -->
  <script src="local.js"></script>
  <!-- endbuild -->
</head>
</html>
